2025-07-20 12:39:47 - INFO - 日志系统初始化完成，日志文件: deng0517_benchmark_log_20250720_123947.log
2025-07-20 12:39:47 - INFO - [2025-07-20 12:39:47] 基准测试工具初始化开始
2025-07-20 12:39:47 - INFO - [2025-07-20 12:39:47] 基准测试工具初始化完成
2025-07-20 12:39:47 - INFO - [2025-07-20 12:39:47] 开始交互式设置流程
2025-07-20 12:39:47 - INFO - [2025-07-20 12:39:47] 开始设备选择
2025-07-20 12:39:47 - INFO - [2025-07-20 12:39:47] 检测到GPU设备: CUDA:0 - NVIDIA GeForce RTX 3060 Ti
2025-07-20 12:39:56 - INFO - [2025-07-20 12:39:56] 用户选择设备: cuda:0
2025-07-20 12:39:56 - INFO - [2025-07-20 12:39:56] 开始模型类型选择
2025-07-20 12:39:58 - INFO - [2025-07-20 12:39:58] 用户选择模型类型: detection
2025-07-20 12:39:58 - INFO - [2025-07-20 12:39:58] 开始具体模型选择
2025-07-20 12:40:02 - INFO - [2025-07-20 12:40:02] 开始模型类型选择
2025-07-20 12:40:05 - INFO - [2025-07-20 12:40:05] 用户选择模型类型: classification
2025-07-20 12:40:05 - INFO - [2025-07-20 12:40:05] 开始具体模型选择
2025-07-20 12:40:06 - INFO - [2025-07-20 12:40:06] 用户选择模型: ResNet50
2025-07-20 12:40:07 - INFO - [2025-07-20 12:40:07] 开始数据集选择
2025-07-20 12:40:12 - INFO - [2025-07-20 12:40:12] 用户选择数据集: CIFAR-10
2025-07-20 12:40:12 - INFO - [2025-07-20 12:40:12] 开始样本数量选择
2025-07-20 12:40:14 - INFO - [2025-07-20 12:40:14] 用户选择测试样本数: 100
2025-07-20 12:40:14 - INFO - [2025-07-20 12:40:14] 配置完成 - 设备: cuda:0, 模型类型: classification, 模型: ResNet50, 数据集: CIFAR-10, 样本数: 100
2025-07-20 12:40:17 - INFO - [2025-07-20 12:40:17] 用户确认开始测试
2025-07-20 12:40:17 - INFO - [2025-07-20 12:40:17] 开始加载CIFAR-10数据集
2025-07-20 12:40:19 - INFO - [2025-07-20 12:40:19] CIFAR-10数据集加载完成，共10000个样本
2025-07-20 12:40:19 - INFO - [2025-07-20 12:40:19] 开始加载模型: ResNet50
2025-07-20 12:40:19 - INFO - [2025-07-20 12:40:19] 使用timm加载分类模型: resnet50
2025-07-20 12:40:19 - INFO - Loading pretrained weights from Hugging Face hub (timm/resnet50.a1_in1k)
2025-07-20 12:40:19 - INFO - [timm/resnet50.a1_in1k] Safe alternative available for 'pytorch_model.bin' (as 'model.safetensors'). Loading weights using safetensors.
2025-07-20 12:40:19 - INFO - [2025-07-20 12:40:19] 模型加载成功: ResNet50
2025-07-20 12:40:19 - INFO - [2025-07-20 12:40:19] 开始运行基准测试
2025-07-20 12:40:19 - INFO - [2025-07-20 12:40:19] 开始系统资源监控
2025-07-20 12:40:19 - INFO - [2025-07-20 12:40:19] 开始分类模型基准测试
2025-07-20 12:40:19 - INFO - [2025-07-20 12:40:19] 输入数据形状: torch.Size([1, 3, 224, 224]), 数据类型: torch.float32
2025-07-20 12:40:20 - INFO - [2025-07-20 12:40:20] 处理进度: 1/100 样本 (1.0%), 当前FPS: 1.7
2025-07-20 12:40:20 - INFO - [2025-07-20 12:40:20] 处理进度: 11/100 样本 (11.0%), 当前FPS: 89.8
2025-07-20 12:40:20 - INFO - [2025-07-20 12:40:20] 处理进度: 21/100 样本 (21.0%), 当前FPS: 99.9
2025-07-20 12:40:20 - INFO - [2025-07-20 12:40:20] 处理进度: 31/100 样本 (31.0%), 当前FPS: 83.3
2025-07-20 12:40:20 - INFO - [2025-07-20 12:40:20] 处理进度: 41/100 样本 (41.0%), 当前FPS: 66.7
2025-07-20 12:40:20 - INFO - [2025-07-20 12:40:20] 处理进度: 51/100 样本 (51.0%), 当前FPS: 100.0
2025-07-20 12:40:21 - INFO - [2025-07-20 12:40:21] 处理进度: 61/100 样本 (61.0%), 当前FPS: 90.9
2025-07-20 12:40:21 - INFO - [2025-07-20 12:40:21] 处理进度: 71/100 样本 (71.0%), 当前FPS: 71.3
2025-07-20 12:40:21 - INFO - [2025-07-20 12:40:21] 处理进度: 81/100 样本 (81.0%), 当前FPS: 111.1
2025-07-20 12:40:21 - INFO - [2025-07-20 12:40:21] 处理进度: 91/100 样本 (91.0%), 当前FPS: 90.9
2025-07-20 12:40:21 - INFO - [2025-07-20 12:40:21] 达到目标样本数 100，测试完成
2025-07-20 12:40:21 - INFO - [2025-07-20 12:40:21] 分类模型基准测试完成，总计处理 100 个样本
2025-07-20 12:40:21 - INFO - [2025-07-20 12:40:21] 系统资源监控结束
2025-07-20 12:40:22 - INFO - [2025-07-20 12:40:22] 基准测试完成，总耗时: 2.39秒
2025-07-20 12:40:22 - INFO - [2025-07-20 12:40:22] 开始计算统计信息
2025-07-20 12:40:22 - INFO - [2025-07-20 12:40:22] 统计信息计算完成 - 吞吐量: 41.91 samples/sec
2025-07-20 12:40:22 - INFO - [2025-07-20 12:40:22] 开始打印测试结果
2025-07-20 12:40:22 - INFO - [2025-07-20 12:40:22] 性能评级: Fair 🟠, FPS: 41.91
2025-07-20 12:40:22 - INFO - [2025-07-20 12:40:22] 开始保存详细CSV结果
2025-07-20 12:40:22 - INFO - [2025-07-20 12:40:22] 详细结果已保存至: deng0517_classification_detailed_20250720_124022.csv
2025-07-20 12:40:22 - INFO - [2025-07-20 12:40:22] 汇总结果已保存至: deng0517_classification_summary_20250720_124022.csv
2025-07-20 12:40:22 - INFO - [2025-07-20 12:40:22] 开始生成可视化图表
2025-07-20 12:40:22 - INFO - [2025-07-20 12:40:22] 开始生成详细速度分析折线图
2025-07-20 12:40:22 - INFO - [2025-07-20 12:40:22] 详细速度分析图表已保存至: deng0517_classification_speed_analysis_20250720_124022.png
2025-07-20 12:40:23 - INFO - [2025-07-20 12:40:23] 性能总结图表已保存至: deng0517_classification_summary_20250720_124022.png
2025-07-20 12:40:23 - INFO - [2025-07-20 12:40:23] 可视化图表生成完成，共生成 2 个图表文件
2025-07-20 12:40:23 - INFO - [2025-07-20 12:40:23] 所有测试和输出生成完成
2025-07-20 12:40:23 - INFO - [2025-07-20 12:40:23] 生成文件: 日志-deng0517_benchmark_log_20250720_123947.log, CSV-deng0517_classification_detailed_20250720_124022.csv, 汇总-deng0517_classification_summary_20250720_124022.csv, 图表-2个
